[27032:33500:1125/134715.656:WARNING:chrome_main_delegate.cc(745)] This is Chrome version 128.0.6613.138 (not a warning)
[11452:9056:1125/134715.656:WARNING:chrome_main_delegate.cc(745)] This is Chrome version 128.0.6613.138 (not a warning)
[11452:9056:1125/134716.486:WARNING:account_consistency_mode_manager.cc(77)] Desktop Identity Consistency cannot be enabled as no OAuth client ID and client secret have been configured.
[11452:9056:1125/134809.540:ERROR:network_service_instance_impl.cc(608)] Network service crashed, restarting service.
[11452:9056:1125/134810.544:ERROR:device_event_log_impl.cc(196)] [13:48:10.208] USB: usb_service_win.cc:105 SetupDiGetDeviceProperty({{A45C254E-DF1C-4EFD-8020-67D146A850E0}, 6}) failed: Element not found. (0x490)
[22516:14724:1125/134828.749:WARNING:chrome_main_delegate.cc(745)] This is Chrome version 128.0.6613.138 (not a warning)
[22516:14724:1125/134828.864:WARNING:account_consistency_mode_manager.cc(77)] Desktop Identity Consistency cannot be enabled as no OAuth client ID and client secret have been configured.
[22516:33796:1125/134834.046:WARNING:dips_database.cc(122)] Failed to initialize the DIPS SQLite database.
[22516:14724:1125/134834.355:ERROR:device_event_log_impl.cc(196)] [13:48:34.034] USB: usb_service_win.cc:105 SetupDiGetDeviceProperty({{A45C254E-DF1C-4EFD-8020-67D146A850E0}, 6}) failed: Element not found. (0x490)
[22516:28860:1125/134836.063:WARNING:leveldb_database.cc(141)] Unable to open C:\Users\robin\OneDrive\Documents\GitHub\GadeProjectPEWPEW\Saved\webcache_6613_1\Default\shared_proto_db\metadata: IO error: C:\Users\robin\OneDrive\Documents\GitHub\GadeProjectPEWPEW\Saved\webcache_6613_1\Default\shared_proto_db\metadata/LOCK: File not found. (ChromeMethodBFE: 15::LockFile::4)
[22516:31884:1125/134837.170:WARNING:leveldb_database.cc(141)] Unable to open C:\Users\robin\OneDrive\Documents\GitHub\GadeProjectPEWPEW\Saved\webcache_6613_1\Default\optimization_guide_hint_cache_store: IO error: C:\Users\robin\OneDrive\Documents\GitHub\GadeProjectPEWPEW\Saved\webcache_6613_1\Default\optimization_guide_hint_cache_store/LOCK: File not found. (ChromeMethodBFE: 15::LockFile::4)
[22516:33796:1125/134837.968:WARNING:leveldb_database.cc(141)] Unable to open C:\Users\robin\OneDrive\Documents\GitHub\GadeProjectPEWPEW\Saved\webcache_6613_1\Default\AutofillStrikeDatabase: IO error: C:\Users\robin\OneDrive\Documents\GitHub\GadeProjectPEWPEW\Saved\webcache_6613_1\Default\AutofillStrikeDatabase/LOCK: File not found. (ChromeMethodBFE: 15::LockFile::4)
[22516:28860:1125/134839.076:WARNING:leveldb_database.cc(141)] Unable to open C:\Users\robin\OneDrive\Documents\GitHub\GadeProjectPEWPEW\Saved\webcache_6613_1\Default\shared_proto_db\metadata: IO error: C:\Users\robin\OneDrive\Documents\GitHub\GadeProjectPEWPEW\Saved\webcache_6613_1\Default\shared_proto_db\metadata/LOCK: File not found. (ChromeMethodBFE: 15::LockFile::4)
[22516:31884:1125/134840.190:WARNING:leveldb_database.cc(141)] Unable to open C:\Users\robin\OneDrive\Documents\GitHub\GadeProjectPEWPEW\Saved\webcache_6613_1\Default\Download Service\EntryDB: IO error: C:\Users\robin\OneDrive\Documents\GitHub\GadeProjectPEWPEW\Saved\webcache_6613_1\Default\Download Service\EntryDB/LOCK: File not found. (ChromeMethodBFE: 15::LockFile::4)
[22516:33796:1125/134840.994:WARNING:leveldb_database.cc(141)] Unable to open C:\Users\robin\OneDrive\Documents\GitHub\GadeProjectPEWPEW\Saved\webcache_6613_1\Default\GCM Store\Encryption: IO error: C:\Users\robin\OneDrive\Documents\GitHub\GadeProjectPEWPEW\Saved\webcache_6613_1\Default\GCM Store\Encryption/LOCK: File not found. (ChromeMethodBFE: 15::LockFile::4)
[22516:28860:1125/134842.103:WARNING:leveldb_database.cc(141)] Unable to open C:\Users\robin\OneDrive\Documents\GitHub\GadeProjectPEWPEW\Saved\webcache_6613_1\Default\shared_proto_db\metadata: IO error: C:\Users\robin\OneDrive\Documents\GitHub\GadeProjectPEWPEW\Saved\webcache_6613_1\Default\shared_proto_db\metadata/LOCK: File not found. (ChromeMethodBFE: 15::LockFile::4)
[22516:33424:1125/134842.351:ERROR:quota_database.cc(1048)] Could not open the quota database, resetting.
[22516:33424:1125/134842.351:ERROR:quota_database.cc(1048)] Could not open the quota database, resetting.
[22516:33424:1125/134842.351:ERROR:quota_database.cc(1053)] Failed to reset the quota database.
[22516:33424:1125/134842.351:ERROR:quota_database.cc(1053)] Failed to reset the quota database.
[22516:31884:1125/134843.210:WARNING:leveldb_database.cc(141)] Unable to open C:\Users\robin\OneDrive\Documents\GitHub\GadeProjectPEWPEW\Saved\webcache_6613_1\Default\BudgetDatabase: IO error: C:\Users\robin\OneDrive\Documents\GitHub\GadeProjectPEWPEW\Saved\webcache_6613_1\Default\BudgetDatabase/LOCK: File not found. (ChromeMethodBFE: 15::LockFile::4)
[22516:33796:1125/134844.006:WARNING:leveldb_database.cc(141)] Unable to open C:\Users\robin\OneDrive\Documents\GitHub\GadeProjectPEWPEW\Saved\webcache_6613_1\Default\Feature Engagement Tracker\EventDB: IO error: C:\Users\robin\OneDrive\Documents\GitHub\GadeProjectPEWPEW\Saved\webcache_6613_1\Default\Feature Engagement Tracker\EventDB/LOCK: File not found. (ChromeMethodBFE: 15::LockFile::4)
[22516:28860:1125/134845.123:WARNING:leveldb_database.cc(141)] Unable to open C:\Users\robin\OneDrive\Documents\GitHub\GadeProjectPEWPEW\Saved\webcache_6613_1\Default\shared_proto_db\metadata: IO error: C:\Users\robin\OneDrive\Documents\GitHub\GadeProjectPEWPEW\Saved\webcache_6613_1\Default\shared_proto_db\metadata/LOCK: File not found. (ChromeMethodBFE: 15::LockFile::4)
[22516:12612:1125/134845.728:WARNING:value_store_frontend.cc(47)] Reading ahfgeienlihckogmohjhadlkjgocpleb.alarms from  failed: IO error: .../LOCK: File not found. (ChromeMethodBFE: 15::LockFile::4)
[22516:33796:1125/134847.035:WARNING:leveldb_database.cc(141)] Unable to open C:\Users\robin\OneDrive\Documents\GitHub\GadeProjectPEWPEW\Saved\webcache_6613_1\Default\Feature Engagement Tracker\AvailabilityDB: IO error: C:\Users\robin\OneDrive\Documents\GitHub\GadeProjectPEWPEW\Saved\webcache_6613_1\Default\Feature Engagement Tracker\AvailabilityDB/LOCK: File not found. (ChromeMethodBFE: 15::LockFile::4)
[22516:31884:1125/134848.360:WARNING:leveldb_database.cc(141)] Unable to open C:\Users\robin\OneDrive\Documents\GitHub\GadeProjectPEWPEW\Saved\webcache_6613_1\Default\AutofillStrikeDatabase: IO error: C:\Users\robin\OneDrive\Documents\GitHub\GadeProjectPEWPEW\Saved\webcache_6613_1\Default\AutofillStrikeDatabase/LOCK: File not found. (ChromeMethodBFE: 15::LockFile::4)
[22516:33796:1125/134850.365:WARNING:leveldb_database.cc(141)] Unable to open C:\Users\robin\OneDrive\Documents\GitHub\GadeProjectPEWPEW\Saved\webcache_6613_1\Default\Download Service\EntryDB: IO error: C:\Users\robin\OneDrive\Documents\GitHub\GadeProjectPEWPEW\Saved\webcache_6613_1\Default\Download Service\EntryDB/LOCK: File not found. (ChromeMethodBFE: 15::LockFile::4)
[22516:31884:1125/134852.036:WARNING:leveldb_database.cc(141)] Unable to open C:\Users\robin\OneDrive\Documents\GitHub\GadeProjectPEWPEW\Saved\webcache_6613_1\Default\AutofillStrikeDatabase: IO error: C:\Users\robin\OneDrive\Documents\GitHub\GadeProjectPEWPEW\Saved\webcache_6613_1\Default\AutofillStrikeDatabase/LOCK: File not found. (ChromeMethodBFE: 15::LockFile::4)
[22516:31884:1125/134855.712:WARNING:leveldb_database.cc(141)] Unable to open C:\Users\robin\OneDrive\Documents\GitHub\GadeProjectPEWPEW\Saved\webcache_6613_1\Default\AutofillStrikeDatabase: IO error: C:\Users\robin\OneDrive\Documents\GitHub\GadeProjectPEWPEW\Saved\webcache_6613_1\Default\AutofillStrikeDatabase/LOCK: File not found. (ChromeMethodBFE: 15::LockFile::4)
[22516:12612:1125/134857.789:WARNING:value_store_frontend.cc(47)] Reading mhjfbmdgcfjbbpaeojofohoefgiehjai.alarms from  failed: IO error: .../LOCK: File not found. (ChromeMethodBFE: 15::LockFile::4)
[22516:12612:1125/134902.056:ERROR:simple_index_file.cc(327)] Failed to write the temporary index file
[11452:9056:1125/135051.219:WARNING:pref_notifier_impl.cc(41)] Pref observer for media_router.cast_allow_all_ips found at shutdown.
